[runner] node=rtx04 cluster=kander runtime=uv
[runner] job-env=/etc/kander/job-env.sh scratch=/scratch/jobs/2861714 cache=/cache/users/10002
[runner] isolated_command=1 (command manages Python and dependencies)
[runner] uv_cache=/cache/users/10002/uv policy=auto
[runner] venv=<uv default: $REPO_ROOT/.venv>
=== 2026-10-02T14:42:50+02:00 host=rtx04 job=m116-control-gate-1 id=2861714 ===
=== cmd: bash /data/personal/andrinr/runner/results/mosaic/pr116-control-long-gate-20261002/node.sh /data/personal/andrinr/runner/results/mosaic/pr116-control-long-gate-20261002 train gate-1 ===
Using CPython 3.12.3 interpreter at: /usr/bin/python3
Creating virtual environment at: /scratch/jobs/2861714/mosaic-venv
   Building mosaic-shared @ file:///scratch/jobs/2861714/work/mosaic/mosaic/mosaic_shared
   Building mosaic-bench @ file:///scratch/jobs/2861714/work/mosaic
Downloading aiohttp (1.7MiB)
Downloading pygments (1.2MiB)
Downloading pandas (10.3MiB)
Downloading cryptography (4.5MiB)
Downloading lz4 (1.3MiB)
Downloading pillow (6.6MiB)
Downloading matplotlib (9.4MiB)
Downloading scipy (33.7MiB)
Downloading kiwisolver (1.4MiB)
Downloading numpy (15.9MiB)
Downloading pip (1.7MiB)
Downloading jax (3.2MiB)
Downloading nvidia-cusparse-cu12 (349.5MiB)
Downloading ruff (9.9MiB)
Downloading jaxlib (85.7MiB)
Downloading pydantic-core (2.0MiB)
Downloading nvidia-cusolver-cu12 (322.5MiB)
Downloading botocore (14.9MiB)
Downloading mlflow-skinny (3.6MiB)
Downloading nvidia-cuda-nvrtc-cu12 (85.4MiB)
Downloading nvidia-cufft-cu12 (191.6MiB)
Downloading databricks-sdk (1.0MiB)
Downloading debugpy (3.8MiB)
Downloading nvidia-cuda-cupti-cu12 (10.3MiB)
Downloading jax-cuda12-plugin (8.2MiB)
Downloading nvidia-cuda-nvcc-cu12 (38.7MiB)
Downloading nvidia-nvjitlink-cu12 (37.9MiB)
Downloading virtualenv (5.2MiB)
Downloading nvidia-nccl-cu12 (335.2MiB)
Downloading nvidia-cublas-cu12 (554.3MiB)
Downloading nvidia-nvshmem-cu12 (267.8MiB)
Downloading jax-cuda12-pjrt (179.5MiB)
Downloading nvidia-cudnn-cu12 (730.7MiB)
Downloading nvidia-cuda-cccl-cu12 (3.0MiB)
Downloading nvidia-cuda-runtime-cu12 (3.3MiB)
Downloading fonttools (5.1MiB)
 Downloaded databricks-sdk
 Downloaded lz4
 Downloaded kiwisolver
 Downloaded aiohttp
 Downloaded pygments
 Downloaded pydantic-core
 Downloaded pip
 Downloaded nvidia-cuda-runtime-cu12
 Downloaded jax
 Downloaded debugpy
 Downloaded cryptography
 Downloaded fonttools
 Downloaded virtualenv
      Built mosaic-bench @ file:///scratch/jobs/2861714/work/mosaic
      Built mosaic-shared @ file:///scratch/jobs/2861714/work/mosaic/mosaic/mosaic_shared
 Downloaded mlflow-skinny
 Downloaded pillow
 Downloaded jax-cuda12-plugin
 Downloaded nvidia-cuda-cccl-cu12
 Downloaded ruff
 Downloaded matplotlib
 Downloaded nvidia-cuda-cupti-cu12
 Downloaded numpy
 Downloaded pandas
 Downloaded botocore
 Downloaded nvidia-nvjitlink-cu12
 Downloaded nvidia-cuda-nvcc-cu12
 Downloaded scipy
 Downloaded nvidia-cuda-nvrtc-cu12
 Downloaded jaxlib
 Downloaded jax-cuda12-pjrt
 Downloaded nvidia-cufft-cu12
 Downloaded nvidia-nvshmem-cu12
 Downloaded nvidia-cusolver-cu12
 Downloaded nvidia-nccl-cu12
 Downloaded nvidia-cusparse-cu12
 Downloaded nvidia-cublas-cu12
 Downloaded nvidia-cudnn-cu12
Prepared 127 packages in 21.84s
Installed 127 packages in 1.88s
 + absl-py==2.5.0
 + aiobotocore==3.9.1
 + aiohappyeyeballs==2.7.1
 + aiohttp==3.14.3
 + aioitertools==0.13.0
 + aiosignal==1.4.0
 + annotated-doc==0.0.5
 + annotated-types==0.8.0
 + anyio==4.15.1
 + attrs==26.1.0
 + botocore==1.43.75
 + cachetools==7.2.0
 + certifi==2026.7.22
 + cffi==2.1.1
 + cfgv==3.5.0
 + charset-normalizer==3.5.1
 + click==8.5.0
 + cloudpickle==3.1.2
 + contourpy==1.4.0
 + coverage==7.16.2
 + cryptography==50.0.1
 + cycler==0.12.1
 + databricks-sdk==0.143.0
 + debugpy==1.8.22
 + distlib==0.4.3
 + docker==7.2.0
 + equinox==0.13.8
 + fastapi==0.141.1
 + filelock==4.0.4
 + fonttools==4.66.0
 + frozenlist==1.8.0
 + fsspec==2026.9.0
 + gitdb==4.0.12
 + gitpython==3.1.62
 + google-auth==2.58.1
 + h11==0.16.0
 + identify==2.6.20
 + idna==3.20
 + importlib-metadata==9.0.1
 + iniconfig==2.3.0
 + jax==0.11.2
 + jax-cuda12-pjrt==0.11.2
 + jax-cuda12-plugin==0.11.2
 + jaxlib==0.11.2
 + jaxtyping==0.3.11
 + jinja2==3.1.6
 + jmespath==1.1.0
 + kiwisolver==1.5.1
 + lz4==4.4.5
 + markdown-it-py==4.2.0
 + markupsafe==3.0.3
 + matplotlib==3.11.2
 + mdurl==0.1.2
 + ml-dtypes==0.6.0
 + mlflow-skinny==3.16.1
 + mosaic-bench==0.0.0+unknown (from file:///scratch/jobs/2861714/work/mosaic)
 + mosaic-shared==0.1.0 (from file:///scratch/jobs/2861714/work/mosaic/mosaic/mosaic_shared)
 + multidict==6.9.1
 + nodeenv==1.11.0
 + numpy==2.5.3
 + nvidia-cublas-cu12==12.9.2.10
 + nvidia-cuda-cccl-cu12==12.9.27
 + nvidia-cuda-cupti-cu12==12.9.79
 + nvidia-cuda-nvcc-cu12==12.9.86
 + nvidia-cuda-nvrtc-cu12==12.9.86
 + nvidia-cuda-runtime-cu12==12.9.79
 + nvidia-cudnn-cu12==9.27.0.42
 + nvidia-cufft-cu12==11.4.1.4
 + nvidia-cusolver-cu12==11.7.5.82
 + nvidia-cusparse-cu12==12.5.10.65
 + nvidia-ml-py==13.615.71
 + nvidia-nccl-cu12==2.32.3
 + nvidia-nvjitlink-cu12==12.9.86
 + nvidia-nvshmem-cu12==3.8.0
 + opentelemetry-api==1.45.0
 + opentelemetry-proto==1.45.0
 + opentelemetry-sdk==1.45.0
 + opentelemetry-semantic-conventions==0.66b0
 + opt-einsum==3.4.0
 + optax==0.2.8
 + orjson==3.12.0
 + packaging==26.3
 + pandas==3.0.6
 + pillow==12.3.0
 + pip==26.2.1
 + platformdirs==4.12.0
 + pluggy==1.6.0
 + pre-commit==4.6.2
 + propcache==0.5.4
 + protobuf==6.33.6
 + psutil==7.2.2
 + pyasn1==0.6.4
 + pyasn1-modules==0.4.2
 + pybase64==1.5.0
 + pycparser==3.0
 + pydantic==2.13.5
 + pydantic-core==2.46.5
 + pygments==2.21.0
 + pyparsing==3.3.3
 + pytest==9.1.1
 + pytest-cov==7.1.0
 + python-dateutil==2.9.0.post0
 + python-discovery==1.6.1
 + python-dotenv==1.2.3
 + pyyaml==6.0.3
 + requests==2.34.2
 + rich==15.0.0
 + ruff==0.16.9
 + s3fs==2026.9.0
 + scipy==1.18.1
 + shellingham==1.5.4
 + six==1.17.0
 + smmap==5.0.3
 + sqlparse==0.6.0
 + starlette==1.7.0
 + tesseract-core==1.14.0
 + tesseract-jax==0.4.1
 + typer==0.27.2
 + typing-extensions==4.16.0
 + typing-inspection==0.4.4
 + urllib3==2.8.0
 + uvicorn==0.53.0
 + virtualenv==21.13.0
 + wadler-lindig==0.1.7
 + wrapt==2.5.0
 + yarl==1.25.1
 + zipp==4.1.0
{"status":"ok"}solver_health={'status': 'ok'}
flow-control task seed=2 generated
flow-control task seed=3 generated
flow-control gate seed=2 passed=True initial=0.2408221960067749 final=0.005788746289908886
flow-control gate seed=3 passed=True initial=0.6628161668777466 final=0.01789424940943718
{
  "passed": true,
  "tasks": [
    {
      "seed": 2,
      "initial_seed": 2,
      "goal_seed": 10000002,
      "gradient_check": {
        "gradient_norm": 1.4866573810577393,
        "primary_epsilon": 0.001,
        "checks": [
          {
            "direction": 0,
            "kind": "gradient_aligned",
            "epsilon": 0.001,
            "autodiff": 1.4866575002670288,
            "finite_difference": 1.4866589307785034,
            "absolute_error": 1.430511474609375e-06,
            "relative_error": 9.622324562771594e-07,
            "directional_signal_fraction": 1.0000000801861215
          },
          {
            "direction": 0,
            "kind": "gradient_aligned",
            "epsilon": 0.01,
            "autodiff": 1.4866575002670288,
            "finite_difference": 1.4866389036178589,
            "absolute_error": 1.8596649169921875e-05,
            "relative_error": 1.2509033968201554e-05,
            "directional_signal_fraction": 1.0000000801861215
          },
          {
            "direction": 0,
            "kind": "gradient_aligned",
            "epsilon": 0.0001,
            "autodiff": 1.4866575002670288,
            "finite_difference": 1.4866888523101807,
            "absolute_error": 3.135204315185547e-05,
            "relative_error": 2.1088503558183824e-05,
            "directional_signal_fraction": 1.0000000801861215
          },
          {
            "direction": 1,
            "kind": "random",
            "epsilon": 0.001,
            "autodiff": 0.30255889892578125,
            "finite_difference": 0.3025531470775604,
            "absolute_error": 5.751848220825195e-06,
            "relative_error": 1.9010672768994126e-05,
            "directional_signal_fraction": 0.20351622558152177
          },
          {
            "direction": 1,
            "kind": "random",
            "epsilon": 0.01,
            "autodiff": 0.30255889892578125,
            "finite_difference": 0.30255764722824097,
            "absolute_error": 1.2516975402832031e-06,
            "relative_error": 4.137037597397685e-06,
            "directional_signal_fraction": 0.20351622558152177
          },
          {
            "direction": 1,
            "kind": "random",
            "epsilon": 0.0001,
            "autodiff": 0.30255889892578125,
            "finite_difference": 0.3024935722351074,
            "absolute_error": 6.532669067382812e-05,
            "relative_error": 0.00021591396222608872,
            "directional_signal_fraction": 0.20351622558152177
          },
          {
            "direction": 2,
            "kind": "random",
            "epsilon": 0.001,
            "autodiff": 0.08938079327344894,
            "finite_difference": 0.08939205855131149,
            "absolute_error": 1.1265277862548828e-05,
            "relative_error": 0.00012602101400408517,
            "directional_signal_fraction": 0.06012198534261846
          },
          {
            "direction": 2,
            "kind": "random",
            "epsilon": 0.01,
            "autodiff": 0.08938079327344894,
            "finite_difference": 0.08936077356338501,
            "absolute_error": 2.0019710063934326e-05,
            "relative_error": 0.00022398223746668503,
            "directional_signal_fraction": 0.06012198534261846
          },
          {
            "direction": 2,
            "kind": "random",
            "epsilon": 0.0001,
            "autodiff": 0.08938079327344894,
            "finite_difference": 0.08940696716308594,
            "absolute_error": 2.6173889636993408e-05,
            "relative_error": 0.00029275,
            "directional_signal_fraction": 0.06012198534261846
          }
        ],
        "passed": true
      },
      "shooting": {
        "trace": [
          0.2408221960067749,
          0.1438317745923996,
          0.08260562270879745,
          0.041675105690956116,
          0.01694973185658455,
          0.011234134435653687,
          0.02101266011595726,
          0.036115001887083054,
          0.046376511454582214,
          0.04808676987886429,
          0.042964156717061996,
          0.034636009484529495,
          0.026093190535902977,
          0.018518684431910515,
          0.012269927188754082,
          0.008087072521448135,
          0.006687649525702,
          0.007803794462233782,
          0.010209118947386742,
          0.01242485549300909,
          0.013354504480957985,
          0.012713451869785786,
          0.011049092747271061,
          0.009150399826467037,
          0.007396874949336052
        ],
        "initial_loss": 0.2408221960067749,
        "final_loss": 0.005788746289908886,
        "last_iterate_loss": 0.005788746289908886,
        "completed": true,
        "wall_time_s": 125.28240055800416,
        "rollout_count": 26,
        "gradient_rollout_count": 25,
        "updates": 25
      },
      "goal_temporal_error": 0.0018041980220004916,
      "controlled_temporal_error": 0.001574786496348679,
      "fine_objective": 0.0052486308850348,
      "fine_terminal_mse_normalized": 0.0049779582768678665,
      "weighted_control_effort": 0.0002706721716094762,
      "linear_fine_objective": 0.015764987096190453,
      "linear_fine_terminal_error": 0.2728760242462158,
      "linear_control_effort": 0.016779538244009018,
      "fine_zero_objective": 0.24147550761699677,
      "fine_terminal_error": 0.15415862202644348,
      "zero_terminal_error": 1.073689579963684,
      "control_effort": 0.027067217975854874,
      "finite": true,
      "passed": true
    },
    {
      "seed": 3,
      "initial_seed": 3,
      "goal_seed": 10000003,
      "gradient_check": {
        "gradient_norm": 2.302497625350952,
        "primary_epsilon": 0.001,
        "checks": [
          {
            "direction": 0,
            "kind": "gradient_aligned",
            "epsilon": 0.001,
            "autodiff": 2.3024978637695312,
            "finite_difference": 2.3024675846099854,
            "absolute_error": 3.0279159545898438e-05,
            "relative_error": 1.315057009274569e-05,
            "directional_signal_fraction": 1.0000001035478068
          },
          {
            "direction": 0,
            "kind": "gradient_aligned",
            "epsilon": 0.01,
            "autodiff": 2.3024978637695312,
            "finite_difference": 2.302548408508301,
            "absolute_error": 5.054473876953125e-05,
            "relative_error": 2.1951650867690775e-05,
            "directional_signal_fraction": 1.0000001035478068
          },
          {
            "direction": 0,
            "kind": "gradient_aligned",
            "epsilon": 0.0001,
            "autodiff": 2.3024978637695312,
            "finite_difference": 2.302229404449463,
            "absolute_error": 0.0002684593200683594,
            "relative_error": 0.0001165948183026114,
            "directional_signal_fraction": 1.0000001035478068
          },
          {
            "direction": 1,
            "kind": "random",
            "epsilon": 0.001,
            "autodiff": -0.12252576649188995,
            "finite_difference": -0.12248753756284714,
            "absolute_error": 3.822892904281616e-05,
            "relative_error": 0.00031200726294045716,
            "directional_signal_fraction": 0.053214285714285714
          },
          {
            "direction": 1,
            "kind": "random",
            "epsilon": 0.01,
            "autodiff": -0.12252576649188995,
            "finite_difference": -0.12252926826477051,
            "absolute_error": 3.5017728805541992e-06,
            "relative_error": 2.8579072821909813e-05,
            "directional_signal_fraction": 0.053214285714285714
          },
          {
            "direction": 1,
            "kind": "random",
            "epsilon": 0.0001,
            "autodiff": -0.12252576649188995,
            "finite_difference": -0.12278556823730469,
            "absolute_error": 0.0002598017454147339,
            "relative_error": 0.0021158980582524274,
            "directional_signal_fraction": 0.053214285714285714
          },
          {
            "direction": 2,
            "kind": "random",
            "epsilon": 0.001,
            "autodiff": -0.5178623795509338,
            "finite_difference": -0.5178748965263367,
            "absolute_error": 1.2516975402832031e-05,
            "relative_error": 2.4169882507899235e-05,
            "directional_signal_fraction": 0.2249133175422928
          },
          {
            "direction": 2,
            "kind": "random",
            "epsilon": 0.01,
            "autodiff": -0.5178623795509338,
            "finite_difference": -0.5178660154342651,
            "absolute_error": 3.635883331298828e-06,
            "relative_error": 7.020895797245737e-06,
            "directional_signal_fraction": 0.2249133175422928
          },
          {
            "direction": 2,
            "kind": "random",
            "epsilon": 0.0001,
            "autodiff": -0.5178623795509338,
            "finite_difference": -0.5176663398742676,
            "absolute_error": 0.00019603967666625977,
            "relative_error": 0.0003785555475882536,
            "directional_signal_fraction": 0.2249133175422928
          }
        ],
        "passed": true
      },
      "shooting": {
        "trace": [
          0.6628161668777466,
          0.496053010225296,
          0.36287280917167664,
          0.25391870737075806,
          0.1727556586265564,
          0.12106779962778091,
          0.09182999283075333,
          0.07659246027469635,
          0.07026682794094086,
          0.06881716102361679,
          0.06780710816383362,
          0.06494593620300293,
          0.06084420904517174,
          0.057088084518909454,
          0.05449977517127991,
          0.052934467792510986,
          0.051913272589445114,
          0.05094345286488533,
          0.04947824776172638,
          0.04686886444687843,
          0.04268452525138855,
          0.03714759275317192,
          0.031096726655960083,
          0.02550080418586731,
          0.02101723663508892
        ],
        "initial_loss": 0.6628161668777466,
        "final_loss": 0.01789424940943718,
        "last_iterate_loss": 0.01789424940943718,
        "completed": true,
        "wall_time_s": 120.39212481497088,
        "rollout_count": 26,
        "gradient_rollout_count": 25,
        "updates": 25
      },
      "goal_temporal_error": 0.003107460681349039,
      "controlled_temporal_error": 0.0029969625174999237,
      "fine_objective": 0.016781147569417953,
      "fine_terminal_mse_normalized": 0.0161155816167593,
      "weighted_control_effort": 0.0006655668839812279,
      "linear_fine_objective": 0.04533816874027252,
      "linear_fine_terminal_error": 0.2787400782108307,
      "linear_control_effort": 0.052394140511751175,
      "fine_zero_objective": 0.6643794178962708,
      "fine_terminal_error": 0.16715310513973236,
      "zero_terminal_error": 1.073246717453003,
      "control_effort": 0.06655669212341309,
      "finite": true,
      "passed": true
    }
  ],
  "wall_time_s": 510.9724764059647,
  "task_seeds": [
    2,
    3
  ],
  "reference_scope": "same_solver192_time_refinement",
  "neural_training_started": false
}
=== 2026-10-02T14:52:21+02:00 done ===
