[runner] node=rtx04 cluster=kander runtime=uv
[runner] job-env=/etc/kander/job-env.sh scratch=/scratch/jobs/2861716 cache=/cache/users/10002
[runner] isolated_command=1 (command manages Python and dependencies)
[runner] uv_cache=/cache/users/10002/uv policy=auto
[runner] venv=<uv default: $REPO_ROOT/.venv>
=== 2026-10-02T14:42:50+02:00 host=rtx04 job=m116-control-gate-3 id=2861716 ===
=== cmd: bash /data/personal/andrinr/runner/results/mosaic/pr116-control-long-gate-20261002/node.sh /data/personal/andrinr/runner/results/mosaic/pr116-control-long-gate-20261002 train gate-3 ===
Using CPython 3.12.3 interpreter at: /usr/bin/python3
Creating virtual environment at: /scratch/jobs/2861716/mosaic-venv
   Building mosaic-shared @ file:///scratch/jobs/2861716/work/mosaic/mosaic/mosaic_shared
   Building mosaic-bench @ file:///scratch/jobs/2861716/work/mosaic
Downloading pygments (1.2MiB)
Downloading pydantic-core (2.0MiB)
Downloading scipy (33.7MiB)
Downloading botocore (14.9MiB)
Downloading cryptography (4.5MiB)
Downloading aiohttp (1.7MiB)
Downloading lz4 (1.3MiB)
Downloading pandas (10.3MiB)
Downloading ruff (9.9MiB)
Downloading fonttools (5.1MiB)
Downloading virtualenv (5.2MiB)
Downloading pillow (6.6MiB)
Downloading nvidia-cusolver-cu12 (322.5MiB)
Downloading numpy (15.9MiB)
Downloading nvidia-cudnn-cu12 (730.7MiB)
Downloading databricks-sdk (1.0MiB)
Downloading jax-cuda12-pjrt (179.5MiB)
Downloading pip (1.7MiB)
Downloading jax (3.2MiB)
Downloading nvidia-nvjitlink-cu12 (37.9MiB)
Downloading nvidia-nvshmem-cu12 (267.8MiB)
Downloading jaxlib (85.7MiB)
Downloading matplotlib (9.4MiB)
Downloading nvidia-cuda-cccl-cu12 (3.0MiB)
Downloading nvidia-cuda-runtime-cu12 (3.3MiB)
Downloading mlflow-skinny (3.6MiB)
Downloading nvidia-cusparse-cu12 (349.5MiB)
Downloading nvidia-cuda-nvcc-cu12 (38.7MiB)
Downloading nvidia-cuda-nvrtc-cu12 (85.4MiB)
Downloading nvidia-cuda-cupti-cu12 (10.3MiB)
Downloading nvidia-nccl-cu12 (335.2MiB)
Downloading nvidia-cublas-cu12 (554.3MiB)
Downloading kiwisolver (1.4MiB)
Downloading nvidia-cufft-cu12 (191.6MiB)
Downloading jax-cuda12-plugin (8.2MiB)
Downloading debugpy (3.8MiB)
 Downloaded databricks-sdk
 Downloaded lz4
 Downloaded kiwisolver
 Downloaded aiohttp
 Downloaded pydantic-core
 Downloaded pygments
 Downloaded pip
 Downloaded nvidia-cuda-runtime-cu12
 Downloaded jax
 Downloaded debugpy
 Downloaded cryptography
 Downloaded fonttools
 Downloaded virtualenv
      Built mosaic-bench @ file:///scratch/jobs/2861716/work/mosaic
 Downloaded mlflow-skinny
      Built mosaic-shared @ file:///scratch/jobs/2861716/work/mosaic/mosaic/mosaic_shared
 Downloaded pillow
 Downloaded jax-cuda12-plugin
 Downloaded nvidia-cuda-cccl-cu12
 Downloaded ruff
 Downloaded nvidia-cuda-cupti-cu12
 Downloaded matplotlib
 Downloaded numpy
 Downloaded pandas
 Downloaded botocore
 Downloaded nvidia-nvjitlink-cu12
 Downloaded nvidia-cuda-nvcc-cu12
 Downloaded scipy
 Downloaded nvidia-cuda-nvrtc-cu12
 Downloaded jaxlib
 Downloaded jax-cuda12-pjrt
 Downloaded nvidia-cufft-cu12
 Downloaded nvidia-nvshmem-cu12
 Downloaded nvidia-cusolver-cu12
 Downloaded nvidia-nccl-cu12
 Downloaded nvidia-cusparse-cu12
 Downloaded nvidia-cublas-cu12
 Downloaded nvidia-cudnn-cu12
Prepared 127 packages in 23.17s
Installed 127 packages in 1.71s
 + absl-py==2.5.0
 + aiobotocore==3.9.1
 + aiohappyeyeballs==2.7.1
 + aiohttp==3.14.3
 + aioitertools==0.13.0
 + aiosignal==1.4.0
 + annotated-doc==0.0.5
 + annotated-types==0.8.0
 + anyio==4.15.1
 + attrs==26.1.0
 + botocore==1.43.75
 + cachetools==7.2.0
 + certifi==2026.7.22
 + cffi==2.1.1
 + cfgv==3.5.0
 + charset-normalizer==3.5.1
 + click==8.5.0
 + cloudpickle==3.1.2
 + contourpy==1.4.0
 + coverage==7.16.2
 + cryptography==50.0.1
 + cycler==0.12.1
 + databricks-sdk==0.143.0
 + debugpy==1.8.22
 + distlib==0.4.3
 + docker==7.2.0
 + equinox==0.13.8
 + fastapi==0.141.1
 + filelock==4.0.4
 + fonttools==4.66.0
 + frozenlist==1.8.0
 + fsspec==2026.9.0
 + gitdb==4.0.12
 + gitpython==3.1.62
 + google-auth==2.58.1
 + h11==0.16.0
 + identify==2.6.20
 + idna==3.20
 + importlib-metadata==9.0.1
 + iniconfig==2.3.0
 + jax==0.11.2
 + jax-cuda12-pjrt==0.11.2
 + jax-cuda12-plugin==0.11.2
 + jaxlib==0.11.2
 + jaxtyping==0.3.11
 + jinja2==3.1.6
 + jmespath==1.1.0
 + kiwisolver==1.5.1
 + lz4==4.4.5
 + markdown-it-py==4.2.0
 + markupsafe==3.0.3
 + matplotlib==3.11.2
 + mdurl==0.1.2
 + ml-dtypes==0.6.0
 + mlflow-skinny==3.16.1
 + mosaic-bench==0.0.0+unknown (from file:///scratch/jobs/2861716/work/mosaic)
 + mosaic-shared==0.1.0 (from file:///scratch/jobs/2861716/work/mosaic/mosaic/mosaic_shared)
 + multidict==6.9.1
 + nodeenv==1.11.0
 + numpy==2.5.3
 + nvidia-cublas-cu12==12.9.2.10
 + nvidia-cuda-cccl-cu12==12.9.27
 + nvidia-cuda-cupti-cu12==12.9.79
 + nvidia-cuda-nvcc-cu12==12.9.86
 + nvidia-cuda-nvrtc-cu12==12.9.86
 + nvidia-cuda-runtime-cu12==12.9.79
 + nvidia-cudnn-cu12==9.27.0.42
 + nvidia-cufft-cu12==11.4.1.4
 + nvidia-cusolver-cu12==11.7.5.82
 + nvidia-cusparse-cu12==12.5.10.65
 + nvidia-ml-py==13.615.71
 + nvidia-nccl-cu12==2.32.3
 + nvidia-nvjitlink-cu12==12.9.86
 + nvidia-nvshmem-cu12==3.8.0
 + opentelemetry-api==1.45.0
 + opentelemetry-proto==1.45.0
 + opentelemetry-sdk==1.45.0
 + opentelemetry-semantic-conventions==0.66b0
 + opt-einsum==3.4.0
 + optax==0.2.8
 + orjson==3.12.0
 + packaging==26.3
 + pandas==3.0.6
 + pillow==12.3.0
 + pip==26.2.1
 + platformdirs==4.12.0
 + pluggy==1.6.0
 + pre-commit==4.6.2
 + propcache==0.5.4
 + protobuf==6.33.6
 + psutil==7.2.2
 + pyasn1==0.6.4
 + pyasn1-modules==0.4.2
 + pybase64==1.5.0
 + pycparser==3.0
 + pydantic==2.13.5
 + pydantic-core==2.46.5
 + pygments==2.21.0
 + pyparsing==3.3.3
 + pytest==9.1.1
 + pytest-cov==7.1.0
 + python-dateutil==2.9.0.post0
 + python-discovery==1.6.1
 + python-dotenv==1.2.3
 + pyyaml==6.0.3
 + requests==2.34.2
 + rich==15.0.0
 + ruff==0.16.9
 + s3fs==2026.9.0
 + scipy==1.18.1
 + shellingham==1.5.4
 + six==1.17.0
 + smmap==5.0.3
 + sqlparse==0.6.0
 + starlette==1.7.0
 + tesseract-core==1.14.0
 + tesseract-jax==0.4.1
 + typer==0.27.2
 + typing-extensions==4.16.0
 + typing-inspection==0.4.4
 + urllib3==2.8.0
 + uvicorn==0.53.0
 + virtualenv==21.13.0
 + wadler-lindig==0.1.7
 + wrapt==2.5.0
 + yarl==1.25.1
 + zipp==4.1.0
{"status":"ok"}solver_health={'status': 'ok'}
flow-control task seed=6 generated
flow-control task seed=7 generated
flow-control gate seed=6 passed=True initial=0.41009679436683655 final=0.006836506072431803
flow-control gate seed=7 passed=True initial=0.24013318121433258 final=0.00792138371616602
{
  "passed": true,
  "tasks": [
    {
      "seed": 6,
      "initial_seed": 6,
      "goal_seed": 10000006,
      "gradient_check": {
        "gradient_norm": 1.924934983253479,
        "primary_epsilon": 0.001,
        "checks": [
          {
            "direction": 0,
            "kind": "gradient_aligned",
            "epsilon": 0.001,
            "autodiff": 1.9249351024627686,
            "finite_difference": 1.924902081489563,
            "absolute_error": 3.3020973205566406e-05,
            "relative_error": 1.715433063863777e-05,
            "directional_signal_fraction": 1.0000000619289953
          },
          {
            "direction": 0,
            "kind": "gradient_aligned",
            "epsilon": 0.01,
            "autodiff": 1.9249351024627686,
            "finite_difference": 1.924891710281372,
            "absolute_error": 4.3392181396484375e-05,
            "relative_error": 2.2542152896982485e-05,
            "directional_signal_fraction": 1.0000000619289953
          },
          {
            "direction": 0,
            "kind": "gradient_aligned",
            "epsilon": 0.0001,
            "autodiff": 1.9249351024627686,
            "finite_difference": 1.9250810146331787,
            "absolute_error": 0.00014591217041015625,
            "relative_error": 7.579534019660964e-05,
            "directional_signal_fraction": 1.0000000619289953
          },
          {
            "direction": 1,
            "kind": "random",
            "epsilon": 0.001,
            "autodiff": -0.20386232435703278,
            "finite_difference": -0.20384787023067474,
            "absolute_error": 1.4454126358032227e-05,
            "relative_error": 7.090141056528964e-05,
            "directional_signal_fraction": 0.10590608313038685
          },
          {
            "direction": 1,
            "kind": "random",
            "epsilon": 0.01,
            "autodiff": -0.20386232435703278,
            "finite_difference": -0.20385831594467163,
            "absolute_error": 4.0084123611450195e-06,
            "relative_error": 1.9662349940271045e-05,
            "directional_signal_fraction": 0.10590608313038685
          },
          {
            "direction": 1,
            "kind": "random",
            "epsilon": 0.0001,
            "autodiff": -0.20386232435703278,
            "finite_difference": -0.20384788513183594,
            "absolute_error": 1.4439225196838379e-05,
            "relative_error": 7.082831632759347e-05,
            "directional_signal_fraction": 0.10590608313038685
          },
          {
            "direction": 2,
            "kind": "random",
            "epsilon": 0.001,
            "autodiff": -0.10639879107475281,
            "finite_difference": -0.10637938231229782,
            "absolute_error": 1.9408762454986572e-05,
            "relative_error": 0.00018241525358451226,
            "directional_signal_fraction": 0.05527396613412892
          },
          {
            "direction": 2,
            "kind": "random",
            "epsilon": 0.01,
            "autodiff": -0.10639879107475281,
            "finite_difference": -0.10639429092407227,
            "absolute_error": 4.500150680541992e-06,
            "relative_error": 4.229512981383701e-05,
            "directional_signal_fraction": 0.05527396613412892
          },
          {
            "direction": 2,
            "kind": "random",
            "epsilon": 0.0001,
            "autodiff": -0.10639879107475281,
            "finite_difference": -0.10624527931213379,
            "absolute_error": 0.00015351176261901855,
            "relative_error": 0.0014427961170269828,
            "directional_signal_fraction": 0.05527396613412892
          }
        ],
        "passed": true
      },
      "shooting": {
        "trace": [
          0.41009679436683655,
          0.2853851020336151,
          0.1940794289112091,
          0.1305074542760849,
          0.08474145084619522,
          0.055998578667640686,
          0.04186852648854256,
          0.03675762936472893,
          0.03638038411736488,
          0.03849777579307556,
          0.04109535738825798,
          0.043040454387664795,
          0.04465501382946968,
          0.04626278951764107,
          0.04712418466806412,
          0.04600933566689491,
          0.042351339012384415,
          0.036551978439092636,
          0.029493317008018494,
          0.022122934460639954,
          0.015457402914762497,
          0.010456074960529804,
          0.007624994032084942,
          0.006836506072431803,
          0.007540085352957249
        ],
        "initial_loss": 0.41009679436683655,
        "final_loss": 0.006836506072431803,
        "last_iterate_loss": 0.009000927209854126,
        "completed": true,
        "wall_time_s": 109.73945265205111,
        "rollout_count": 26,
        "gradient_rollout_count": 25,
        "updates": 25
      },
      "goal_temporal_error": 0.001709713484160602,
      "controlled_temporal_error": 0.0019825438503175974,
      "fine_objective": 0.007113155443221331,
      "fine_terminal_mse_normalized": 0.006708699744194746,
      "weighted_control_effort": 0.00040445628110319376,
      "linear_fine_objective": 0.021690696477890015,
      "linear_fine_terminal_error": 0.24490498006343842,
      "linear_control_effort": 0.031211206689476967,
      "fine_zero_objective": 0.41082635521888733,
      "fine_terminal_error": 0.1371915340423584,
      "zero_terminal_error": 1.0735870599746704,
      "control_effort": 0.04044562950730324,
      "finite": true,
      "passed": true
    },
    {
      "seed": 7,
      "initial_seed": 7,
      "goal_seed": 10000007,
      "gradient_check": {
        "gradient_norm": 1.6191320419311523,
        "primary_epsilon": 0.001,
        "checks": [
          {
            "direction": 0,
            "kind": "gradient_aligned",
            "epsilon": 0.001,
            "autodiff": 1.6191320419311523,
            "finite_difference": 1.619107961654663,
            "absolute_error": 2.4080276489257812e-05,
            "relative_error": 1.48723364528918e-05,
            "directional_signal_fraction": 1.0
          },
          {
            "direction": 0,
            "kind": "gradient_aligned",
            "epsilon": 0.01,
            "autodiff": 1.6191320419311523,
            "finite_difference": 1.6189329624176025,
            "absolute_error": 0.0001990795135498047,
            "relative_error": 0.0001229544647343035,
            "directional_signal_fraction": 1.0
          },
          {
            "direction": 0,
            "kind": "gradient_aligned",
            "epsilon": 0.0001,
            "autodiff": 1.6191320419311523,
            "finite_difference": 1.619085669517517,
            "absolute_error": 4.6372413635253906e-05,
            "relative_error": 2.864029148601441e-05,
            "directional_signal_fraction": 1.0
          },
          {
            "direction": 1,
            "kind": "random",
            "epsilon": 0.001,
            "autodiff": 0.1849316656589508,
            "finite_difference": 0.18493829667568207,
            "absolute_error": 6.631016731262207e-06,
            "relative_error": 3.58552925513893e-05,
            "directional_signal_fraction": 0.11421654372201866
          },
          {
            "direction": 1,
            "kind": "random",
            "epsilon": 0.01,
            "autodiff": 0.1849316656589508,
            "finite_difference": 0.18493831157684326,
            "absolute_error": 6.645917892456055e-06,
            "relative_error": 3.593586334703086e-05,
            "directional_signal_fraction": 0.11421654372201866
          },
          {
            "direction": 1,
            "kind": "random",
            "epsilon": 0.0001,
            "autodiff": 0.1849316656589508,
            "finite_difference": 0.18484890460968018,
            "absolute_error": 8.276104927062988e-05,
            "relative_error": 0.00044752232656173127,
            "directional_signal_fraction": 0.11421654372201866
          },
          {
            "direction": 2,
            "kind": "random",
            "epsilon": 0.001,
            "autodiff": 0.18407928943634033,
            "finite_difference": 0.1841038316488266,
            "absolute_error": 2.454221248626709e-05,
            "relative_error": 0.00013330636449262358,
            "directional_signal_fraction": 0.11369010350557168
          },
          {
            "direction": 2,
            "kind": "random",
            "epsilon": 0.01,
            "autodiff": 0.18407928943634033,
            "finite_difference": 0.18407702445983887,
            "absolute_error": 2.2649765014648438e-06,
            "relative_error": 1.230435269714649e-05,
            "directional_signal_fraction": 0.11369010350557168
          },
          {
            "direction": 2,
            "kind": "random",
            "epsilon": 0.0001,
            "autodiff": 0.18407928943634033,
            "finite_difference": 0.18395483493804932,
            "absolute_error": 0.00012445449829101562,
            "relative_error": 0.0006760918008326809,
            "directional_signal_fraction": 0.11369010350557168
          }
        ],
        "passed": true
      },
      "shooting": {
        "trace": [
          0.24013318121433258,
          0.1354297399520874,
          0.07103347033262253,
          0.040684908628463745,
          0.03156330808997154,
          0.03156699240207672,
          0.03387138620018959,
          0.03638727590441704,
          0.03791636973619461,
          0.03757401928305626,
          0.03532575070858002,
          0.03181758150458336,
          0.027748264372348785,
          0.023435469716787338,
          0.01899847760796547,
          0.014904651790857315,
          0.011796312406659126,
          0.009905518032610416,
          0.008977489545941353,
          0.008672581985592842,
          0.008777894079685211,
          0.009076066315174103,
          0.009265642613172531,
          0.009145471267402172,
          0.008696375414729118
        ],
        "initial_loss": 0.24013318121433258,
        "final_loss": 0.00792138371616602,
        "last_iterate_loss": 0.00792138371616602,
        "completed": true,
        "wall_time_s": 110.3885141889914,
        "rollout_count": 26,
        "gradient_rollout_count": 25,
        "updates": 25
      },
      "goal_temporal_error": 0.0017655717674642801,
      "controlled_temporal_error": 0.0017401536460965872,
      "fine_objective": 0.007568680215626955,
      "fine_terminal_mse_normalized": 0.007323149126023054,
      "weighted_control_effort": 0.0002455300709698349,
      "linear_fine_objective": 0.022409643977880478,
      "linear_fine_terminal_error": 0.31445086002349854,
      "linear_control_effort": 0.017035894095897675,
      "fine_zero_objective": 0.24059192836284637,
      "fine_terminal_error": 0.18044354021549225,
      "zero_terminal_error": 1.0342674255371094,
      "control_effort": 0.024553008377552032,
      "finite": true,
      "passed": true
    }
  ],
  "wall_time_s": 450.5946332869935,
  "task_seeds": [
    6,
    7
  ],
  "reference_scope": "same_solver192_time_refinement",
  "neural_training_started": false
}
=== 2026-10-02T14:51:20+02:00 done ===
