[runner] node=rtx04 cluster=kander runtime=uv
[runner] job-env=/etc/kander/job-env.sh scratch=/scratch/jobs/2861713 cache=/cache/users/10002
[runner] isolated_command=1 (command manages Python and dependencies)
[runner] uv_cache=/cache/users/10002/uv policy=auto
[runner] venv=<uv default: $REPO_ROOT/.venv>
=== 2026-10-02T14:42:48+02:00 host=rtx04 job=m116-control-gate-0 id=2861713 ===
=== cmd: bash /data/personal/andrinr/runner/results/mosaic/pr116-control-long-gate-20261002/node.sh /data/personal/andrinr/runner/results/mosaic/pr116-control-long-gate-20261002 train gate-0 ===
Using CPython 3.12.3 interpreter at: /usr/bin/python3
Creating virtual environment at: /scratch/jobs/2861713/mosaic-venv
   Building mosaic-shared @ file:///scratch/jobs/2861713/work/mosaic/mosaic/mosaic_shared
   Building mosaic-bench @ file:///scratch/jobs/2861713/work/mosaic
Downloading cryptography (4.5MiB)
Downloading mlflow-skinny (3.6MiB)
Downloading kiwisolver (1.4MiB)
Downloading lz4 (1.3MiB)
Downloading pygments (1.2MiB)
Downloading pandas (10.3MiB)
Downloading jax (3.2MiB)
Downloading scipy (33.7MiB)
Downloading numpy (15.9MiB)
Downloading ruff (9.9MiB)
Downloading pip (1.7MiB)
Downloading databricks-sdk (1.0MiB)
Downloading pydantic-core (2.0MiB)
Downloading aiohttp (1.7MiB)
Downloading fonttools (5.1MiB)
Downloading nvidia-nccl-cu12 (335.2MiB)
Downloading pillow (6.6MiB)
Downloading virtualenv (5.2MiB)
Downloading nvidia-cudnn-cu12 (730.7MiB)
Downloading nvidia-cuda-nvcc-cu12 (38.7MiB)
Downloading botocore (14.9MiB)
Downloading matplotlib (9.4MiB)
Downloading nvidia-cufft-cu12 (191.6MiB)
Downloading nvidia-nvshmem-cu12 (267.8MiB)
Downloading nvidia-cublas-cu12 (554.3MiB)
Downloading nvidia-cuda-nvrtc-cu12 (85.4MiB)
Downloading nvidia-cusparse-cu12 (349.5MiB)
Downloading jax-cuda12-plugin (8.2MiB)
Downloading jax-cuda12-pjrt (179.5MiB)
Downloading nvidia-cusolver-cu12 (322.5MiB)
Downloading jaxlib (85.7MiB)
Downloading nvidia-cuda-cccl-cu12 (3.0MiB)
Downloading nvidia-cuda-runtime-cu12 (3.3MiB)
Downloading nvidia-nvjitlink-cu12 (37.9MiB)
Downloading nvidia-cuda-cupti-cu12 (10.3MiB)
Downloading debugpy (3.8MiB)
 Downloaded databricks-sdk
 Downloaded lz4
 Downloaded kiwisolver
 Downloaded aiohttp
 Downloaded pydantic-core
 Downloaded pygments
 Downloaded pip
 Downloaded nvidia-cuda-runtime-cu12
 Downloaded jax
 Downloaded debugpy
 Downloaded cryptography
 Downloaded virtualenv
 Downloaded fonttools
 Downloaded mlflow-skinny
      Built mosaic-bench @ file:///scratch/jobs/2861713/work/mosaic
      Built mosaic-shared @ file:///scratch/jobs/2861713/work/mosaic/mosaic/mosaic_shared
 Downloaded pillow
 Downloaded jax-cuda12-plugin
 Downloaded nvidia-cuda-cccl-cu12
 Downloaded ruff
 Downloaded matplotlib
 Downloaded nvidia-cuda-cupti-cu12
 Downloaded numpy
 Downloaded pandas
 Downloaded botocore
 Downloaded nvidia-nvjitlink-cu12
 Downloaded nvidia-cuda-nvcc-cu12
 Downloaded scipy
 Downloaded nvidia-cuda-nvrtc-cu12
 Downloaded jaxlib
 Downloaded jax-cuda12-pjrt
 Downloaded nvidia-cufft-cu12
 Downloaded nvidia-nvshmem-cu12
 Downloaded nvidia-cusolver-cu12
 Downloaded nvidia-nccl-cu12
 Downloaded nvidia-cusparse-cu12
 Downloaded nvidia-cublas-cu12
 Downloaded nvidia-cudnn-cu12
Prepared 127 packages in 21.93s
Installed 127 packages in 1.32s
 + absl-py==2.5.0
 + aiobotocore==3.9.1
 + aiohappyeyeballs==2.7.1
 + aiohttp==3.14.3
 + aioitertools==0.13.0
 + aiosignal==1.4.0
 + annotated-doc==0.0.5
 + annotated-types==0.8.0
 + anyio==4.15.1
 + attrs==26.1.0
 + botocore==1.43.75
 + cachetools==7.2.0
 + certifi==2026.7.22
 + cffi==2.1.1
 + cfgv==3.5.0
 + charset-normalizer==3.5.1
 + click==8.5.0
 + cloudpickle==3.1.2
 + contourpy==1.4.0
 + coverage==7.16.2
 + cryptography==50.0.1
 + cycler==0.12.1
 + databricks-sdk==0.143.0
 + debugpy==1.8.22
 + distlib==0.4.3
 + docker==7.2.0
 + equinox==0.13.8
 + fastapi==0.141.1
 + filelock==4.0.4
 + fonttools==4.66.0
 + frozenlist==1.8.0
 + fsspec==2026.9.0
 + gitdb==4.0.12
 + gitpython==3.1.62
 + google-auth==2.58.1
 + h11==0.16.0
 + identify==2.6.20
 + idna==3.20
 + importlib-metadata==9.0.1
 + iniconfig==2.3.0
 + jax==0.11.2
 + jax-cuda12-pjrt==0.11.2
 + jax-cuda12-plugin==0.11.2
 + jaxlib==0.11.2
 + jaxtyping==0.3.11
 + jinja2==3.1.6
 + jmespath==1.1.0
 + kiwisolver==1.5.1
 + lz4==4.4.5
 + markdown-it-py==4.2.0
 + markupsafe==3.0.3
 + matplotlib==3.11.2
 + mdurl==0.1.2
 + ml-dtypes==0.6.0
 + mlflow-skinny==3.16.1
 + mosaic-bench==0.0.0+unknown (from file:///scratch/jobs/2861713/work/mosaic)
 + mosaic-shared==0.1.0 (from file:///scratch/jobs/2861713/work/mosaic/mosaic/mosaic_shared)
 + multidict==6.9.1
 + nodeenv==1.11.0
 + numpy==2.5.3
 + nvidia-cublas-cu12==12.9.2.10
 + nvidia-cuda-cccl-cu12==12.9.27
 + nvidia-cuda-cupti-cu12==12.9.79
 + nvidia-cuda-nvcc-cu12==12.9.86
 + nvidia-cuda-nvrtc-cu12==12.9.86
 + nvidia-cuda-runtime-cu12==12.9.79
 + nvidia-cudnn-cu12==9.27.0.42
 + nvidia-cufft-cu12==11.4.1.4
 + nvidia-cusolver-cu12==11.7.5.82
 + nvidia-cusparse-cu12==12.5.10.65
 + nvidia-ml-py==13.615.71
 + nvidia-nccl-cu12==2.32.3
 + nvidia-nvjitlink-cu12==12.9.86
 + nvidia-nvshmem-cu12==3.8.0
 + opentelemetry-api==1.45.0
 + opentelemetry-proto==1.45.0
 + opentelemetry-sdk==1.45.0
 + opentelemetry-semantic-conventions==0.66b0
 + opt-einsum==3.4.0
 + optax==0.2.8
 + orjson==3.12.0
 + packaging==26.3
 + pandas==3.0.6
 + pillow==12.3.0
 + pip==26.2.1
 + platformdirs==4.12.0
 + pluggy==1.6.0
 + pre-commit==4.6.2
 + propcache==0.5.4
 + protobuf==6.33.6
 + psutil==7.2.2
 + pyasn1==0.6.4
 + pyasn1-modules==0.4.2
 + pybase64==1.5.0
 + pycparser==3.0
 + pydantic==2.13.5
 + pydantic-core==2.46.5
 + pygments==2.21.0
 + pyparsing==3.3.3
 + pytest==9.1.1
 + pytest-cov==7.1.0
 + python-dateutil==2.9.0.post0
 + python-discovery==1.6.1
 + python-dotenv==1.2.3
 + pyyaml==6.0.3
 + requests==2.34.2
 + rich==15.0.0
 + ruff==0.16.9
 + s3fs==2026.9.0
 + scipy==1.18.1
 + shellingham==1.5.4
 + six==1.17.0
 + smmap==5.0.3
 + sqlparse==0.6.0
 + starlette==1.7.0
 + tesseract-core==1.14.0
 + tesseract-jax==0.4.1
 + typer==0.27.2
 + typing-extensions==4.16.0
 + typing-inspection==0.4.4
 + urllib3==2.8.0
 + uvicorn==0.53.0
 + virtualenv==21.13.0
 + wadler-lindig==0.1.7
 + wrapt==2.5.0
 + yarl==1.25.1
 + zipp==4.1.0
{"status":"ok"}solver_health={'status': 'ok'}
flow-control task seed=0 generated
flow-control task seed=1 generated
flow-control gate seed=0 passed=True initial=0.31896889209747314 final=0.007576604839414358
flow-control gate seed=1 passed=True initial=0.2829238772392273 final=0.0032069094013422728
{
  "passed": true,
  "tasks": [
    {
      "seed": 0,
      "initial_seed": 0,
      "goal_seed": 10000000,
      "gradient_check": {
        "gradient_norm": 1.7331018447875977,
        "primary_epsilon": 0.001,
        "checks": [
          {
            "direction": 0,
            "kind": "gradient_aligned",
            "epsilon": 0.001,
            "autodiff": 1.7331018447875977,
            "finite_difference": 1.7331092357635498,
            "absolute_error": 7.3909759521484375e-06,
            "relative_error": 4.2645759422614934e-06,
            "directional_signal_fraction": 1.0
          },
          {
            "direction": 0,
            "kind": "gradient_aligned",
            "epsilon": 0.01,
            "autodiff": 1.7331018447875977,
            "finite_difference": 1.7330795526504517,
            "absolute_error": 2.2292137145996094e-05,
            "relative_error": 1.2862566163114397e-05,
            "directional_signal_fraction": 1.0
          },
          {
            "direction": 0,
            "kind": "gradient_aligned",
            "epsilon": 0.0001,
            "autodiff": 1.7331018447875977,
            "finite_difference": 1.7330050468444824,
            "absolute_error": 9.679794311523438e-05,
            "relative_error": 5.585242633395129e-05,
            "directional_signal_fraction": 1.0
          },
          {
            "direction": 1,
            "kind": "random",
            "epsilon": 0.001,
            "autodiff": 0.32483726739883423,
            "finite_difference": 0.3248750865459442,
            "absolute_error": 3.781914710998535e-05,
            "relative_error": 0.0001164113490882808,
            "directional_signal_fraction": 0.18743114743995037
          },
          {
            "direction": 1,
            "kind": "random",
            "epsilon": 0.01,
            "autodiff": 0.32483726739883423,
            "finite_difference": 0.324837863445282,
            "absolute_error": 5.960464477539062e-07,
            "relative_error": 1.8349044702860158e-06,
            "directional_signal_fraction": 0.18743114743995037
          },
          {
            "direction": 1,
            "kind": "random",
            "epsilon": 0.0001,
            "autodiff": 0.32483726739883423,
            "finite_difference": 0.3248453140258789,
            "absolute_error": 8.046627044677734e-06,
            "relative_error": 2.477064220183486e-05,
            "directional_signal_fraction": 0.18743114743995037
          },
          {
            "direction": 2,
            "kind": "random",
            "epsilon": 0.001,
            "autodiff": 0.1736724078655243,
            "finite_difference": 0.1736879199743271,
            "absolute_error": 1.551210880279541e-05,
            "relative_error": 8.931023415496175e-05,
            "directional_signal_fraction": 0.10020900294339535
          },
          {
            "direction": 2,
            "kind": "random",
            "epsilon": 0.01,
            "autodiff": 0.1736724078655243,
            "finite_difference": 0.17366409301757812,
            "absolute_error": 8.314847946166992e-06,
            "relative_error": 4.787662040480969e-05,
            "directional_signal_fraction": 0.10020900294339535
          },
          {
            "direction": 2,
            "kind": "random",
            "epsilon": 0.0001,
            "autodiff": 0.1736724078655243,
            "finite_difference": 0.17374753952026367,
            "absolute_error": 7.513165473937988e-05,
            "relative_error": 0.00043241852487135504,
            "directional_signal_fraction": 0.10020900294339535
          }
        ],
        "passed": true
      },
      "shooting": {
        "trace": [
          0.31896889209747314,
          0.1959945410490036,
          0.10875129699707031,
          0.052754148840904236,
          0.029327237978577614,
          0.031774334609508514,
          0.0455462783575058,
          0.05719194561243057,
          0.06009267643094063,
          0.05448738858103752,
          0.04454728960990906,
          0.034656375646591187,
          0.027599671855568886,
          0.024210620671510696,
          0.023687737062573433,
          0.02436472661793232,
          0.024593248963356018,
          0.023344380781054497,
          0.02046852558851242,
          0.016563881188631058,
          0.012594472616910934,
          0.009480330161750317,
          0.007780635263770819,
          0.007576604839414358,
          0.008488990366458893
        ],
        "initial_loss": 0.31896889209747314,
        "final_loss": 0.007576604839414358,
        "last_iterate_loss": 0.009773163124918938,
        "completed": true,
        "wall_time_s": 119.82724361895816,
        "rollout_count": 26,
        "gradient_rollout_count": 25,
        "updates": 25
      },
      "goal_temporal_error": 0.0022630298044532537,
      "controlled_temporal_error": 0.0019834309350699186,
      "fine_objective": 0.007120867259800434,
      "fine_terminal_mse_normalized": 0.006815246306359768,
      "weighted_control_effort": 0.00030562098254449666,
      "linear_fine_objective": 0.018184851855039597,
      "linear_fine_terminal_error": 0.2486482709646225,
      "linear_control_effort": 0.02477014809846878,
      "fine_zero_objective": 0.32014158368110657,
      "fine_terminal_error": 0.1532672792673111,
      "zero_terminal_error": 1.0504604578018188,
      "control_effort": 0.03056209906935692,
      "finite": true,
      "passed": true
    },
    {
      "seed": 1,
      "initial_seed": 1,
      "goal_seed": 10000001,
      "gradient_check": {
        "gradient_norm": 1.7596302032470703,
        "primary_epsilon": 0.001,
        "checks": [
          {
            "direction": 0,
            "kind": "gradient_aligned",
            "epsilon": 0.001,
            "autodiff": 1.759630560874939,
            "finite_difference": 1.759588599205017,
            "absolute_error": 4.1961669921875e-05,
            "relative_error": 2.3846863571754774e-05,
            "directional_signal_fraction": 1.0000002032403559
          },
          {
            "direction": 0,
            "kind": "gradient_aligned",
            "epsilon": 0.01,
            "autodiff": 1.759630560874939,
            "finite_difference": 1.7592265605926514,
            "absolute_error": 0.00040400028228759766,
            "relative_error": 0.00022959380864965036,
            "directional_signal_fraction": 1.0000002032403559
          },
          {
            "direction": 0,
            "kind": "gradient_aligned",
            "epsilon": 0.0001,
            "autodiff": 1.759630560874939,
            "finite_difference": 1.7595291137695312,
            "absolute_error": 0.00010144710540771484,
            "relative_error": 5.7652502555577587e-05,
            "directional_signal_fraction": 1.0000002032403559
          },
          {
            "direction": 1,
            "kind": "random",
            "epsilon": 0.001,
            "autodiff": 0.05285169184207916,
            "finite_difference": 0.05283951386809349,
            "absolute_error": 1.2177973985671997e-05,
            "relative_error": 0.00023041786480667033,
            "directional_signal_fraction": 0.030035681215604956
          },
          {
            "direction": 1,
            "kind": "random",
            "epsilon": 0.01,
            "autodiff": 0.05285169184207916,
            "finite_difference": 0.05285441875457764,
            "absolute_error": 2.726912498474121e-06,
            "relative_error": 5.159289540456724e-05,
            "directional_signal_fraction": 0.030035681215604956
          },
          {
            "direction": 1,
            "kind": "random",
            "epsilon": 0.0001,
            "autodiff": 0.05285169184207916,
            "finite_difference": 0.05289912223815918,
            "absolute_error": 4.743039608001709e-05,
            "relative_error": 0.0008966197183098592,
            "directional_signal_fraction": 0.030035681215604956
          },
          {
            "direction": 2,
            "kind": "random",
            "epsilon": 0.001,
            "autodiff": -0.18451282382011414,
            "finite_difference": -0.18453596532344818,
            "absolute_error": 2.314150333404541e-05,
            "relative_error": 0.0001254037568962982,
            "directional_signal_fraction": 0.10485886379969497
          },
          {
            "direction": 2,
            "kind": "random",
            "epsilon": 0.01,
            "autodiff": -0.18451282382011414,
            "finite_difference": -0.18450915813446045,
            "absolute_error": 3.6656856536865234e-06,
            "relative_error": 1.9866834064933536e-05,
            "directional_signal_fraction": 0.10485886379969497
          },
          {
            "direction": 2,
            "kind": "random",
            "epsilon": 0.0001,
            "autodiff": -0.18451282382011414,
            "finite_difference": -0.18462538719177246,
            "absolute_error": 0.0001125633716583252,
            "relative_error": 0.0006096852300242131,
            "directional_signal_fraction": 0.10485886379969497
          }
        ],
        "passed": true
      },
      "shooting": {
        "trace": [
          0.2829238772392273,
          0.18195408582687378,
          0.12324424833059311,
          0.09455037117004395,
          0.07351677119731903,
          0.05281189829111099,
          0.035504065454006195,
          0.025072792544960976,
          0.023432262241840363,
          0.02813250944018364,
          0.03422932326793671,
          0.03799023851752281,
          0.038141485303640366,
          0.03532569855451584,
          0.031012045219540596,
          0.026459433138370514,
          0.022145194932818413,
          0.01786217838525772,
          0.013366890139877796,
          0.008942775428295135,
          0.005362172145396471,
          0.003383679548278451,
          0.0032069094013422728,
          0.004340199753642082,
          0.005966581404209137
        ],
        "initial_loss": 0.2829238772392273,
        "final_loss": 0.0032069094013422728,
        "last_iterate_loss": 0.0073876213282346725,
        "completed": true,
        "wall_time_s": 112.80421193002257,
        "rollout_count": 26,
        "gradient_rollout_count": 25,
        "updates": 25
      },
      "goal_temporal_error": 0.0016804075567051768,
      "controlled_temporal_error": 0.0017017730278894305,
      "fine_objective": 0.0032594779040664434,
      "fine_terminal_mse_normalized": 0.0028415897395461798,
      "weighted_control_effort": 0.00041788819362409413,
      "linear_fine_objective": 0.037790730595588684,
      "linear_fine_terminal_error": 0.3899228274822235,
      "linear_control_effort": 0.01730646938085556,
      "fine_zero_objective": 0.28371790051460266,
      "fine_terminal_error": 0.10716757923364639,
      "zero_terminal_error": 1.0708438158035278,
      "control_effort": 0.041788820177316666,
      "finite": true,
      "passed": true
    }
  ],
  "wall_time_s": 438.85042559099384,
  "task_seeds": [
    0,
    1
  ],
  "reference_scope": "same_solver192_time_refinement",
  "neural_training_started": false
}
=== 2026-10-02T14:51:06+02:00 done ===
