[runner] node=rtx01 cluster=kander runtime=uv
[runner] job-env=/etc/kander/job-env.sh scratch=/scratch/jobs/2911795 cache=/cache/users/10002
[runner] isolated_command=1 (command manages Python and dependencies)
[runner] uv_cache=/cache/users/10002/uv policy=auto
[runner] venv=<uv default: $REPO_ROOT/.venv>
=== 2026-10-07T11:50:59+02:00 host=rtx01 job=m116-xlb-bgk id=2911795 ===
=== cmd: bash /data/personal/andrinr/runner/results/mosaic/pr116-xlb-collision-control-20261007/node-bgk.sh /data/personal/andrinr/runner/results/mosaic/pr116-xlb-collision-control-20261007 train bgk ===
source.tar: OK
Using CPython 3.12.3 interpreter at: /usr/bin/python3
Creating virtual environment at: /scratch/jobs/2911795/mosaic-venv
   Building mosaic-bench @ file:///scratch/jobs/2911795/work/mosaic
   Building mosaic-shared @ file:///scratch/jobs/2911795/work/mosaic/mosaic/mosaic_shared
Downloading pillow (6.6MiB)
Downloading kiwisolver (1.4MiB)
Downloading lz4 (1.3MiB)
Downloading matplotlib (9.4MiB)
Downloading pygments (1.2MiB)
Downloading aiohttp (1.7MiB)
Downloading pydantic-core (2.0MiB)
Downloading scipy (33.7MiB)
Downloading numpy (15.9MiB)
Downloading pip (1.7MiB)
Downloading databricks-sdk (1.0MiB)
Downloading cryptography (4.5MiB)
Downloading jax-cuda12-plugin (8.2MiB)
Downloading ruff (9.9MiB)
Downloading pandas (10.3MiB)
Downloading mlflow-skinny (3.6MiB)
Downloading virtualenv (5.2MiB)
Downloading jaxlib (85.7MiB)
Downloading nvidia-cusparse-cu12 (349.5MiB)
Downloading nvidia-cudnn-cu12 (730.7MiB)
Downloading nvidia-nvshmem-cu12 (267.8MiB)
Downloading nvidia-cublas-cu12 (554.3MiB)
Downloading nvidia-cufft-cu12 (191.6MiB)
Downloading debugpy (3.8MiB)
Downloading nvidia-cuda-nvcc-cu12 (38.7MiB)
Downloading nvidia-cuda-cupti-cu12 (10.3MiB)
Downloading nvidia-cuda-runtime-cu12 (3.3MiB)
Downloading jax (3.2MiB)
Downloading fonttools (5.1MiB)
Downloading nvidia-nvjitlink-cu12 (37.9MiB)
Downloading nvidia-cusolver-cu12 (322.5MiB)
Downloading nvidia-cuda-nvrtc-cu12 (85.4MiB)
Downloading nvidia-cuda-cccl-cu12 (3.0MiB)
Downloading jax-cuda12-pjrt (179.5MiB)
Downloading botocore (14.9MiB)
Downloading nvidia-nccl-cu12 (335.2MiB)
 Downloaded databricks-sdk
 Downloaded pygments
 Downloaded lz4
 Downloaded kiwisolver
 Downloaded pip
 Downloaded aiohttp
 Downloaded pydantic-core
      Built mosaic-shared @ file:///scratch/jobs/2911795/work/mosaic/mosaic/mosaic_shared
      Built mosaic-bench @ file:///scratch/jobs/2911795/work/mosaic
 Downloaded nvidia-cuda-cccl-cu12
 Downloaded jax
 Downloaded nvidia-cuda-runtime-cu12
 Downloaded mlflow-skinny
 Downloaded debugpy
 Downloaded cryptography
 Downloaded virtualenv
 Downloaded fonttools
 Downloaded pillow
 Downloaded jax-cuda12-plugin
 Downloaded matplotlib
 Downloaded ruff
 Downloaded nvidia-cuda-cupti-cu12
 Downloaded pandas
 Downloaded botocore
 Downloaded numpy
 Downloaded scipy
 Downloaded nvidia-nvjitlink-cu12
 Downloaded nvidia-cuda-nvcc-cu12
 Downloaded nvidia-cuda-nvrtc-cu12
 Downloaded jaxlib
 Downloaded jax-cuda12-pjrt
 Downloaded nvidia-cufft-cu12
 Downloaded nvidia-nvshmem-cu12
 Downloaded nvidia-cusolver-cu12
 Downloaded nvidia-nccl-cu12
 Downloaded nvidia-cusparse-cu12
 Downloaded nvidia-cublas-cu12
 Downloaded nvidia-cudnn-cu12
Prepared 127 packages in 6m 42s
Installed 127 packages in 2.19s
 + absl-py==2.5.0
 + aiobotocore==3.9.1
 + aiohappyeyeballs==2.7.1
 + aiohttp==3.14.3
 + aioitertools==0.13.0
 + aiosignal==1.4.0
 + annotated-doc==0.0.5
 + annotated-types==0.8.0
 + anyio==4.15.1
 + attrs==26.1.0
 + botocore==1.43.75
 + cachetools==7.2.0
 + certifi==2026.7.22
 + cffi==2.1.1
 + cfgv==3.5.0
 + charset-normalizer==3.5.1
 + click==8.5.0
 + cloudpickle==3.1.2
 + contourpy==1.4.0
 + coverage==7.16.2
 + cryptography==50.0.1
 + cycler==0.12.1
 + databricks-sdk==0.143.0
 + debugpy==1.8.22
 + distlib==0.4.3
 + docker==7.2.0
 + equinox==0.13.8
 + fastapi==0.141.1
 + filelock==4.0.4
 + fonttools==4.66.0
 + frozenlist==1.8.0
 + fsspec==2026.9.0
 + gitdb==4.0.12
 + gitpython==3.1.62
 + google-auth==2.58.1
 + h11==0.16.0
 + identify==2.6.20
 + idna==3.20
 + importlib-metadata==9.0.1
 + iniconfig==2.3.0
 + jax==0.11.2
 + jax-cuda12-pjrt==0.11.2
 + jax-cuda12-plugin==0.11.2
 + jaxlib==0.11.2
 + jaxtyping==0.3.11
 + jinja2==3.1.6
 + jmespath==1.1.0
 + kiwisolver==1.5.1
 + lz4==4.4.5
 + markdown-it-py==4.2.0
 + markupsafe==3.0.3
 + matplotlib==3.11.2
 + mdurl==0.1.2
 + ml-dtypes==0.6.0
 + mlflow-skinny==3.16.1
 + mosaic-bench==0.0.0+unknown (from file:///scratch/jobs/2911795/work/mosaic)
 + mosaic-shared==0.1.0 (from file:///scratch/jobs/2911795/work/mosaic/mosaic/mosaic_shared)
 + multidict==6.9.1
 + nodeenv==1.11.0
 + numpy==2.5.3
 + nvidia-cublas-cu12==12.9.2.10
 + nvidia-cuda-cccl-cu12==12.9.27
 + nvidia-cuda-cupti-cu12==12.9.79
 + nvidia-cuda-nvcc-cu12==12.9.86
 + nvidia-cuda-nvrtc-cu12==12.9.86
 + nvidia-cuda-runtime-cu12==12.9.79
 + nvidia-cudnn-cu12==9.27.0.42
 + nvidia-cufft-cu12==11.4.1.4
 + nvidia-cusolver-cu12==11.7.5.82
 + nvidia-cusparse-cu12==12.5.10.65
 + nvidia-ml-py==13.615.71
 + nvidia-nccl-cu12==2.32.3
 + nvidia-nvjitlink-cu12==12.9.86
 + nvidia-nvshmem-cu12==3.8.0
 + opentelemetry-api==1.45.0
 + opentelemetry-proto==1.45.0
 + opentelemetry-sdk==1.45.0
 + opentelemetry-semantic-conventions==0.66b0
 + opt-einsum==3.4.0
 + optax==0.2.8
 + orjson==3.12.0
 + packaging==26.3
 + pandas==3.0.6
 + pillow==12.3.0
 + pip==26.2.1
 + platformdirs==4.12.0
 + pluggy==1.6.0
 + pre-commit==4.6.2
 + propcache==0.5.4
 + protobuf==6.33.6
 + psutil==7.2.2
 + pyasn1==0.6.4
 + pyasn1-modules==0.4.2
 + pybase64==1.5.0
 + pycparser==3.0
 + pydantic==2.13.5
 + pydantic-core==2.46.5
 + pygments==2.21.0
 + pyparsing==3.3.3
 + pytest==9.1.1
 + pytest-cov==7.1.0
 + python-dateutil==2.9.0.post0
 + python-discovery==1.6.1
 + python-dotenv==1.2.3
 + pyyaml==6.0.3
 + requests==2.34.2
 + rich==15.0.0
 + ruff==0.16.9
 + s3fs==2026.9.0
 + scipy==1.18.1
 + shellingham==1.5.4
 + six==1.17.0
 + smmap==5.0.3
 + sqlparse==0.6.0
 + starlette==1.7.0
 + tesseract-core==1.14.0
 + tesseract-jax==0.4.1
 + typer==0.27.2
 + typing-extensions==4.16.0
 + typing-inspection==0.4.4
 + urllib3==2.8.0
 + uvicorn==0.53.0
 + virtualenv==21.13.0
 + wadler-lindig==0.1.7
 + wrapt==2.5.0
 + yarl==1.25.1
 + zipp==4.1.0
{"status":"ok"}{"window": "update0", "trajectory": 0, "start": 1, "update_fraction": 0.0, "fd_checks": [{"epsilon": 0.001, "finite_difference": 0.03757327422499657, "autodiff": 0.037587687373161316, "relative_error": 0.00019176374189555645}, {"epsilon": 0.003, "finite_difference": 0.03752632439136505, "autodiff": 0.037587687373161316, "relative_error": 0.0008169311913661659}, {"epsilon": 0.0003, "finite_difference": 0.037585072219371796, "autodiff": 0.037587687373161316, "relative_error": 3.4788583434419706e-05}], "loss": 0.006018823012709618, "gradient_norm": 7.6331329345703125, "final": {"frame": 16, "finite": true, "velocity_max": 3.949226140975952, "mach_max": 0.7597561582058937, "correction_rms": 0.0, "relative_error": 0.023165706545114517, "population_min": 0.024587875232100487, "population_negative_fraction": 0.0, "density_min": 0.9980390667915344, "density_max": 1.0011180639266968}}
{"window": "validation", "trajectory": 0, "start": 0, "update_fraction": 0.0, "final": {"frame": 48, "finite": true, "velocity_max": 3.689558506011963, "mach_max": 0.7177024089852033, "correction_rms": 0.0, "relative_error": 0.04324140027165413, "population_min": 0.024647802114486694, "population_negative_fraction": 0.0, "density_min": 0.9979012608528137, "density_max": 1.0010581016540527}}
=== 2026-10-07T11:59:24+02:00 done ===
